../Core/Src/main.c:97:5:main	8	static
../Core/Src/main.c:150:6:SystemClock_Config	88	static
../Core/Src/main.c:204:6:HAL_UART_TxCpltCallback	16	static
../Core/Src/main.c:212:6:HAL_UART_RxCpltCallback	16	static
../Core/Src/main.c:251:6:uartTransmit	32	static
../Core/Src/main.c:267:6:fillTxBuffer	24	static
../Core/Src/main.c:282:6:executeCmd	24	static
../Core/Src/main.c:304:6:helpCmd	16	static
../Core/Src/main.c:318:6:ledonCmd	8	static
../Core/Src/main.c:327:6:ledoffCmd	8	static
../Core/Src/main.c:336:6:pingpongCmd	8	static
../Core/Src/main.c:350:6:Error_Handler	4	static,ignoring_inline_asm
